Release 6.3.01i - xst G.36
Copyright (c) 1995-2004 Xilinx, Inc.  All rights reserved.
--> Parameter TMPDIR set to __projnav
CPU : 0.00 / 0.36 s | Elapsed : 0.00 / 1.00 s
 
--> Parameter xsthdpdir set to ./xst
CPU : 0.00 / 0.36 s | Elapsed : 0.00 / 1.00 s
 
--> Reading design: divide_freq.prj

TABLE OF CONTENTS
  1) Synthesis Options Summary
  2) HDL Compilation
  3) HDL Analysis
  4) HDL Synthesis
  5) Advanced HDL Synthesis
     5.1) HDL Synthesis Report
  6) Low Level Synthesis
  7) Final Report
     7.1) Device utilization summary
     7.2) TIMING REPORT


=========================================================================
*                      Synthesis Options Summary                        *
=========================================================================
---- Source Parameters
Input File Name                    : divide_freq.prj
Input Format                       : mixed
Ignore Synthesis Constraint File   : NO
Verilog Include Directory          : 

---- Target Parameters
Output File Name                   : divide_freq
Output Format                      : NGC
Target Device                      : xc2s200-6-pq208

---- Source Options
Top Module Name                    : divide_freq
Automatic FSM Extraction           : YES
FSM Encoding Algorithm             : Auto
FSM Style                          : lut
RAM Extraction                     : Yes
RAM Style                          : Auto
ROM Extraction                     : Yes
ROM Style                          : Auto
Mux Extraction                     : YES
Mux Style                          : Auto
Decoder Extraction                 : YES
Priority Encoder Extraction        : YES
Shift Register Extraction          : YES
Logical Shifter Extraction         : YES
XOR Collapsing                     : YES
Resource Sharing                   : YES
Multiplier Style                   : lut
Automatic Register Balancing       : No

---- Target Options
Add IO Buffers                     : YES
Global Maximum Fanout              : 100
Add Generic Clock Buffer(BUFG)     : 4
Register Duplication               : YES
Equivalent register Removal        : YES
Slice Packing                      : YES
Pack IO Registers into IOBs        : auto

---- General Options
Optimization Goal                  : Speed
Optimization Effort                : 1
Keep Hierarchy                     : NO
Global Optimization                : AllClockNets
RTL Output                         : Yes
Write Timing Constraints           : NO
Hierarchy Separator                : _
Bus Delimiter                      : <>
Case Specifier                     : maintain
Slice Utilization Ratio            : 100
Slice Utilization Ratio Delta      : 5

---- Other Options
lso                                : divide_freq.lso
Read Cores                         : YES
cross_clock_analysis               : NO
verilog2001                        : YES
Optimize Instantiated Primitives   : NO
tristate2logic                     : No

=========================================================================


=========================================================================
*                          HDL Compilation                              *
=========================================================================
Compiling source file "divide_freq.v"
Module <divide_freq> compiled
No errors in compilation
Analysis of file <divide_freq.prj> succeeded.
 

=========================================================================
*                            HDL Analysis                               *
=========================================================================
Analyzing top module <divide_freq>.
Module <divide_freq> is correct for synthesis.
 

=========================================================================
*                           HDL Synthesis                               *
=========================================================================

Synthesizing Unit <divide_freq>.
    Related source file is divide_freq.v.
    Found 1-bit register for signal <clko>.
    Found 25-bit up counter for signal <conta>.
    Summary:
	inferred   1 Counter(s).
	inferred   1 D-type flip-flop(s).
Unit <divide_freq> synthesized.


=========================================================================
*                       Advanced HDL Synthesis                          *
=========================================================================

Advanced RAM inference ...
Advanced multiplier inference ...
Advanced Registered AddSub inference ...
Dynamic shift register inference ...

=========================================================================
HDL Synthesis Report

Macro Statistics
# Counters                         : 1
 25-bit up counter                 : 1
# Registers                        : 1
 1-bit register                    : 1

=========================================================================

=========================================================================
*                         Low Level Synthesis                           *
=========================================================================

Optimizing unit <divide_freq> ...
Loading device for application Xst from file 'v200.nph' in environment C:/Xilinx.

Mapping all equations...
Building and optimizing final netlist ...
Found area constraint ratio of 100 (+ 5) on block divide_freq, actual ratio is 0.

=========================================================================
*                            Final Report                               *
=========================================================================
Final Results
RTL Top Level Output File Name     : divide_freq.ngr
Top Level Output File Name         : divide_freq
Output Format                      : NGC
Optimization Goal                  : Speed
Keep Hierarchy                     : NO

Design Statistics
# IOs                              : 2

Macro Statistics :
# Registers                        : 2
#      1-bit register              : 1
#      25-bit register             : 1
# Adders/Subtractors               : 1
#      25-bit adder                : 1

Cell Usage :
# BELS                             : 75
#      GND                         : 1
#      LUT1_D                      : 1
#      LUT1_L                      : 24
#      MUXCY                       : 24
#      VCC                         : 1
#      XORCY                       : 24
# FlipFlops/Latches                : 26
#      FD                          : 26
# Clock Buffers                    : 1
#      BUFGP                       : 1
# IO Buffers                       : 1
#      OBUF                        : 1
=========================================================================

Device utilization summary:
---------------------------

Selected Device : 2s200pq208-6 

 Number of Slices:                      14  out of   2352     0%  
 Number of Slice Flip Flops:            26  out of   4704     0%  
 Number of 4 input LUTs:                25  out of   4704     0%  
 Number of bonded IOBs:                  1  out of    144     0%  
 Number of GCLKs:                        1  out of      4    25%  


=========================================================================
TIMING REPORT

NOTE: THESE TIMING NUMBERS ARE ONLY A SYNTHESIS ESTIMATE.
      FOR ACCURATE TIMING INFORMATION PLEASE REFER TO THE TRACE REPORT
      GENERATED AFTER PLACE-and-ROUTE.

Clock Information:
------------------
-----------------------------------+------------------------+-------+
Clock Signal                       | Clock buffer(FF name)  | Load  |
-----------------------------------+------------------------+-------+
clki                               | BUFGP                  | 26    |
-----------------------------------+------------------------+-------+

Timing Summary:
---------------
Speed Grade: -6

   Minimum period: 5.423ns (Maximum Frequency: 184.400MHz)
   Minimum input arrival time before clock: No path found
   Maximum output required time after clock: 6.788ns
   Maximum combinational path delay: No path found

Timing Detail:
--------------
All values displayed in nanoseconds (ns)

-------------------------------------------------------------------------
Timing constraint: Default period analysis for Clock 'clki'
Delay:               5.423ns (Levels of Logic = 26)
  Source:            conta_0 (FF)
  Destination:       conta_24 (FF)
  Source Clock:      clki rising
  Destination Clock: clki rising

  Data Path: conta_0 to conta_24
                                Gate     Net
    Cell:in->out      fanout   Delay   Delay  Logical Name (Net Name)
    ----------------------------------------  ------------
     FD:C->Q               1   1.085   1.035  conta_0 (conta_0)
     LUT1_D:I0->LO         1   0.549   0.000  conta_LPM_COUNTER_1__n0000<0>lut (N490)
     MUXCY:S->O            1   0.659   0.000  conta_LPM_COUNTER_1__n0000<0>cy (conta_LPM_COUNTER_1__n0000<0>_cyo)
     MUXCY:CI->O           1   0.042   0.000  conta_LPM_COUNTER_1__n0000<1>cy (conta_LPM_COUNTER_1__n0000<1>_cyo)
     MUXCY:CI->O           1   0.042   0.000  conta_LPM_COUNTER_1__n0000<2>cy (conta_LPM_COUNTER_1__n0000<2>_cyo)
     MUXCY:CI->O           1   0.042   0.000  conta_LPM_COUNTER_1__n0000<3>cy (conta_LPM_COUNTER_1__n0000<3>_cyo)
     MUXCY:CI->O           1   0.042   0.000  conta_LPM_COUNTER_1__n0000<4>cy (conta_LPM_COUNTER_1__n0000<4>_cyo)
     MUXCY:CI->O           1   0.042   0.000  conta_LPM_COUNTER_1__n0000<5>cy (conta_LPM_COUNTER_1__n0000<5>_cyo)
     MUXCY:CI->O           1   0.042   0.000  conta_LPM_COUNTER_1__n0000<6>cy (conta_LPM_COUNTER_1__n0000<6>_cyo)
     MUXCY:CI->O           1   0.042   0.000  conta_LPM_COUNTER_1__n0000<7>cy (conta_LPM_COUNTER_1__n0000<7>_cyo)
     MUXCY:CI->O           1   0.042   0.000  conta_LPM_COUNTER_1__n0000<8>cy (conta_LPM_COUNTER_1__n0000<8>_cyo)
     MUXCY:CI->O           1   0.042   0.000  conta_LPM_COUNTER_1__n0000<9>cy (conta_LPM_COUNTER_1__n0000<9>_cyo)
     MUXCY:CI->O           1   0.042   0.000  conta_LPM_COUNTER_1__n0000<10>cy (conta_LPM_COUNTER_1__n0000<10>_cyo)
     MUXCY:CI->O           1   0.042   0.000  conta_LPM_COUNTER_1__n0000<11>cy (conta_LPM_COUNTER_1__n0000<11>_cyo)
     MUXCY:CI->O           1   0.042   0.000  conta_LPM_COUNTER_1__n0000<12>cy (conta_LPM_COUNTER_1__n0000<12>_cyo)
     MUXCY:CI->O           1   0.042   0.000  conta_LPM_COUNTER_1__n0000<13>cy (conta_LPM_COUNTER_1__n0000<13>_cyo)
     MUXCY:CI->O           1   0.042   0.000  conta_LPM_COUNTER_1__n0000<14>cy (conta_LPM_COUNTER_1__n0000<14>_cyo)
     MUXCY:CI->O           1   0.042   0.000  conta_LPM_COUNTER_1__n0000<15>cy (conta_LPM_COUNTER_1__n0000<15>_cyo)
     MUXCY:CI->O           1   0.042   0.000  conta_LPM_COUNTER_1__n0000<16>cy (conta_LPM_COUNTER_1__n0000<16>_cyo)
     MUXCY:CI->O           1   0.042   0.000  conta_LPM_COUNTER_1__n0000<17>cy (conta_LPM_COUNTER_1__n0000<17>_cyo)
     MUXCY:CI->O           1   0.042   0.000  conta_LPM_COUNTER_1__n0000<18>cy (conta_LPM_COUNTER_1__n0000<18>_cyo)
     MUXCY:CI->O           1   0.042   0.000  conta_LPM_COUNTER_1__n0000<19>cy (conta_LPM_COUNTER_1__n0000<19>_cyo)
     MUXCY:CI->O           1   0.042   0.000  conta_LPM_COUNTER_1__n0000<20>cy (conta_LPM_COUNTER_1__n0000<20>_cyo)
     MUXCY:CI->O           1   0.042   0.000  conta_LPM_COUNTER_1__n0000<21>cy (conta_LPM_COUNTER_1__n0000<21>_cyo)
     MUXCY:CI->O           1   0.042   0.000  conta_LPM_COUNTER_1__n0000<22>cy (conta_LPM_COUNTER_1__n0000<22>_cyo)
     MUXCY:CI->O           0   0.042   0.000  conta_LPM_COUNTER_1__n0000<23>cy (conta_LPM_COUNTER_1__n0000<23>_cyo)
     XORCY:CI->O           1   0.420   0.000  conta_LPM_COUNTER_1__n0000<24>_xor (conta__n0000<24>)
     FD:D                      0.709          conta_24
    ----------------------------------------
    Total                      5.423ns (4.388ns logic, 1.035ns route)
                                       (80.9% logic, 19.1% route)

-------------------------------------------------------------------------
Timing constraint: Default OFFSET OUT AFTER for Clock 'clki'
Offset:              6.788ns (Levels of Logic = 1)
  Source:            clko (FF)
  Destination:       clko (PAD)
  Source Clock:      clki rising

  Data Path: clko to clko
                                Gate     Net
    Cell:in->out      fanout   Delay   Delay  Logical Name (Net Name)
    ----------------------------------------  ------------
     FD:C->Q               1   1.085   1.035  clko (clko_OBUF)
     OBUF:I->O                 4.668          clko_OBUF (clko)
    ----------------------------------------
    Total                      6.788ns (5.753ns logic, 1.035ns route)
                                       (84.8% logic, 15.2% route)

=========================================================================
CPU : 1.67 / 2.39 s | Elapsed : 2.00 / 3.00 s
 
--> 

Total memory usage is 58400 kilobytes


