Release 6.2i - xst G.28
Copyright (c) 1995-2004 Xilinx, Inc.  All rights reserved.
--> Parameter TMPDIR set to __projnav
CPU : 0.00 / 1.04 s | Elapsed : 0.00 / 1.00 s
 
--> Parameter xsthdpdir set to ./xst
CPU : 0.00 / 1.05 s | Elapsed : 0.00 / 1.00 s
 
--> Reading design: descodificador_bin2hexII.prj

TABLE OF CONTENTS
  1) Synthesis Options Summary
  2) HDL Compilation
  3) HDL Analysis
  4) HDL Synthesis
  5) Advanced HDL Synthesis
     5.1) HDL Synthesis Report
  6) Low Level Synthesis
  7) Final Report
     7.1) Device utilization summary
     7.2) TIMING REPORT


=========================================================================
*                      Synthesis Options Summary                        *
=========================================================================
---- Source Parameters
Input File Name                    : descodificador_bin2hexII.prj
Input Format                       : mixed
Ignore Synthesis Constraint File   : NO
Verilog Include Directory          : 

---- Target Parameters
Output File Name                   : descodificador_bin2hexII
Output Format                      : NGC
Target Device                      : xc2s200-6-pq208

---- Source Options
Top Module Name                    : descodificador_bin2hexII
Automatic FSM Extraction           : YES
FSM Encoding Algorithm             : Auto
FSM Style                          : lut
RAM Extraction                     : Yes
RAM Style                          : Auto
ROM Extraction                     : Yes
ROM Style                          : Auto
Mux Extraction                     : YES
Mux Style                          : Auto
Decoder Extraction                 : YES
Priority Encoder Extraction        : YES
Shift Register Extraction          : YES
Logical Shifter Extraction         : YES
XOR Collapsing                     : YES
Resource Sharing                   : YES
Multiplier Style                   : lut
Automatic Register Balancing       : No

---- Target Options
Add IO Buffers                     : YES
Global Maximum Fanout              : 100
Add Generic Clock Buffer(BUFG)     : 4
Register Duplication               : YES
Equivalent register Removal        : YES
Slice Packing                      : YES
Pack IO Registers into IOBs        : auto

---- General Options
Optimization Goal                  : Speed
Optimization Effort                : 1
Keep Hierarchy                     : NO
Global Optimization                : AllClockNets
RTL Output                         : Yes
Write Timing Constraints           : NO
Hierarchy Separator                : _
Bus Delimiter                      : <>
Case Specifier                     : maintain
Slice Utilization Ratio            : 100
Slice Utilization Ratio Delta      : 5

---- Other Options
lso                                : descodificador_bin2hexII.lso
Read Cores                         : YES
cross_clock_analysis               : NO
verilog2001                        : YES
Optimize Instantiated Primitives   : NO
tristate2logic                     : No

=========================================================================


=========================================================================
*                          HDL Compilation                              *
=========================================================================
Compiling source file "descodificador_bin2hexII.v"
Module <descodificador_bin2hexII> compiled
No errors in compilation
Analysis of file <descodificador_bin2hexII.prj> succeeded.
 

=========================================================================
*                            HDL Analysis                               *
=========================================================================
Analyzing top module <descodificador_bin2hexII>.
WARNING:Xst:883 - descodificador_bin2hexII.v line 17: Ignored duplicate item in case statement. 
WARNING:Xst:883 - descodificador_bin2hexII.v line 20: Ignored duplicate item in case statement. 
WARNING:Xst:883 - descodificador_bin2hexII.v line 23: Ignored duplicate item in case statement. 
WARNING:Xst:883 - descodificador_bin2hexII.v line 26: Ignored duplicate item in case statement. 
WARNING:Xst:883 - descodificador_bin2hexII.v line 29: Ignored duplicate item in case statement. 
WARNING:Xst:883 - descodificador_bin2hexII.v line 32: Ignored duplicate item in case statement. 
WARNING:Xst:883 - descodificador_bin2hexII.v line 35: Ignored duplicate item in case statement. 
WARNING:Xst:883 - descodificador_bin2hexII.v line 38: Ignored duplicate item in case statement. 
WARNING:Xst:883 - descodificador_bin2hexII.v line 41: Ignored duplicate item in case statement. 
WARNING:Xst:883 - descodificador_bin2hexII.v line 44: Ignored duplicate item in case statement. 
WARNING:Xst:883 - descodificador_bin2hexII.v line 47: Ignored duplicate item in case statement. 
WARNING:Xst:883 - descodificador_bin2hexII.v line 50: Ignored duplicate item in case statement. 
WARNING:Xst:883 - descodificador_bin2hexII.v line 53: Ignored duplicate item in case statement. 
WARNING:Xst:883 - descodificador_bin2hexII.v line 56: Ignored duplicate item in case statement. 
Module <descodificador_bin2hexII> is correct for synthesis.
 

=========================================================================
*                           HDL Synthesis                               *
=========================================================================

Synthesizing Unit <descodificador_bin2hexII>.
    Related source file is descodificador_bin2hexII.v.
Unit <descodificador_bin2hexII> synthesized.


=========================================================================
*                       Advanced HDL Synthesis                          *
=========================================================================

Advanced RAM inference ...
Advanced multiplier inference ...
Dynamic shift register inference ...

=========================================================================
HDL Synthesis Report

Found no macro
=========================================================================

=========================================================================
*                         Low Level Synthesis                           *
=========================================================================

Optimizing unit <descodificador_bin2hexII> ...
Loading device for application Xst from file 'v200.nph' in environment C:/Xilinx.

Mapping all equations...
Building and optimizing final netlist ...
Found area constraint ratio of 100 (+ 5) on block descodificador_bin2hexII, actual ratio is 0.

=========================================================================
*                            Final Report                               *
=========================================================================
Final Results
RTL Top Level Output File Name     : descodificador_bin2hexII.ngr
Top Level Output File Name         : descodificador_bin2hexII
Output Format                      : NGC
Optimization Goal                  : Speed
Keep Hierarchy                     : NO

Design Statistics
# IOs                              : 12

Cell Usage :
# BELS                             : 3
#      LUT3                        : 2
#      LUT4                        : 1
# IO Buffers                       : 12
#      IBUF                        : 4
#      OBUF                        : 8
=========================================================================

Device utilization summary:
---------------------------

Selected Device : 2s200pq208-6 

 Number of Slices:                       2  out of   2352     0%  
 Number of 4 input LUTs:                 3  out of   4704     0%  
 Number of bonded IOBs:                 12  out of    144     8%  


=========================================================================
TIMING REPORT

NOTE: THESE TIMING NUMBERS ARE ONLY A SYNTHESIS ESTIMATE.
      FOR ACCURATE TIMING INFORMATION PLEASE REFER TO THE TRACE REPORT
      GENERATED AFTER PLACE-and-ROUTE.

Clock Information:
------------------
No clock signals found in this design

Timing Summary:
---------------
Speed Grade: -6

   Minimum period: No path found
   Minimum input arrival time before clock: No path found
   Maximum output required time after clock: No path found
   Maximum combinational path delay: 8.765ns

Timing Detail:
--------------
All values displayed in nanoseconds (ns)

-------------------------------------------------------------------------
Timing constraint: Default path analysis
Delay:               8.765ns (Levels of Logic = 3)
  Source:            bina<1> (PAD)
  Destination:       hexa<7> (PAD)

  Data Path: bina<1> to hexa<7>
                                Gate     Net
    Cell:in->out      fanout   Delay   Delay  Logical Name (Net Name)
    ----------------------------------------  ------------
     IBUF:I->O             3   0.776   1.332  bina_1_IBUF (bina_1_IBUF)
     LUT4:I1->O            4   0.549   1.440  hexa<7>1 (hexa_7_OBUF)
     OBUF:I->O                 4.668          hexa_7_OBUF (hexa<7>)
    ----------------------------------------
    Total                      8.765ns (5.993ns logic, 2.772ns route)
                                       (68.4% logic, 31.6% route)

=========================================================================
CPU : 5.77 / 7.93 s | Elapsed : 5.00 / 7.00 s
 
--> 

Total memory usage is 55884 kilobytes


