Release 6.3.01i - xst G.36
Copyright (c) 1995-2004 Xilinx, Inc.  All rights reserved.
--> Parameter TMPDIR set to __projnav
CPU : 0.00 / 0.80 s | Elapsed : 0.00 / 0.00 s
 
--> Parameter xsthdpdir set to ./xst
CPU : 0.00 / 0.80 s | Elapsed : 0.00 / 0.00 s
 
--> Reading design: chefe.prj

TABLE OF CONTENTS
  1) Synthesis Options Summary
  2) HDL Compilation
  3) HDL Analysis
  4) HDL Synthesis
  5) Advanced HDL Synthesis
     5.1) HDL Synthesis Report
  6) Low Level Synthesis
  7) Final Report
     7.1) Device utilization summary
     7.2) TIMING REPORT


=========================================================================
*                      Synthesis Options Summary                        *
=========================================================================
---- Source Parameters
Input File Name                    : chefe.prj
Input Format                       : mixed
Ignore Synthesis Constraint File   : NO
Verilog Include Directory          : 

---- Target Parameters
Output File Name                   : chefe
Output Format                      : NGC
Target Device                      : xc2s200-5-pq208

---- Source Options
Top Module Name                    : chefe
Automatic FSM Extraction           : YES
FSM Encoding Algorithm             : Auto
FSM Style                          : lut
RAM Extraction                     : Yes
RAM Style                          : Auto
ROM Extraction                     : Yes
ROM Style                          : Auto
Mux Extraction                     : YES
Mux Style                          : Auto
Decoder Extraction                 : YES
Priority Encoder Extraction        : YES
Shift Register Extraction          : YES
Logical Shifter Extraction         : YES
XOR Collapsing                     : YES
Resource Sharing                   : YES
Multiplier Style                   : lut
Automatic Register Balancing       : No

---- Target Options
Add IO Buffers                     : YES
Global Maximum Fanout              : 100
Add Generic Clock Buffer(BUFG)     : 4
Register Duplication               : YES
Equivalent register Removal        : YES
Slice Packing                      : YES
Pack IO Registers into IOBs        : auto

---- General Options
Optimization Goal                  : Speed
Optimization Effort                : 1
Keep Hierarchy                     : NO
Global Optimization                : AllClockNets
RTL Output                         : Yes
Write Timing Constraints           : NO
Hierarchy Separator                : _
Bus Delimiter                      : <>
Case Specifier                     : maintain
Slice Utilization Ratio            : 100
Slice Utilization Ratio Delta      : 5

---- Other Options
lso                                : chefe.lso
Read Cores                         : YES
cross_clock_analysis               : NO
verilog2001                        : YES
Optimize Instantiated Primitives   : NO
tristate2logic                     : No

=========================================================================


=========================================================================
*                          HDL Compilation                              *
=========================================================================
Compiling source file "divide_freq.v"
Module <divide_freq> compiled
Compiling source file "contador.v"
Module <contador> compiled
Compiling source file "descodificador_bin2hexII.v"
Module <descodificador_bin2hexII> compiled
Compiling source file "chefe.v"
Module <chefe> compiled
No errors in compilation
Analysis of file <chefe.prj> succeeded.
 

=========================================================================
*                            HDL Analysis                               *
=========================================================================
Analyzing top module <chefe>.
Module <chefe> is correct for synthesis.
 
Analyzing module <divide_freq>.
Module <divide_freq> is correct for synthesis.
 
Analyzing module <contador>.
Module <contador> is correct for synthesis.
 
Analyzing module <descodificador_bin2hexII>.
WARNING:Xst:883 - descodificador_bin2hexII.v line 17: Ignored duplicate item in case statement. 
WARNING:Xst:883 - descodificador_bin2hexII.v line 20: Ignored duplicate item in case statement. 
WARNING:Xst:883 - descodificador_bin2hexII.v line 23: Ignored duplicate item in case statement. 
WARNING:Xst:883 - descodificador_bin2hexII.v line 26: Ignored duplicate item in case statement. 
WARNING:Xst:883 - descodificador_bin2hexII.v line 29: Ignored duplicate item in case statement. 
WARNING:Xst:883 - descodificador_bin2hexII.v line 32: Ignored duplicate item in case statement. 
WARNING:Xst:883 - descodificador_bin2hexII.v line 35: Ignored duplicate item in case statement. 
WARNING:Xst:883 - descodificador_bin2hexII.v line 38: Ignored duplicate item in case statement. 
WARNING:Xst:883 - descodificador_bin2hexII.v line 41: Ignored duplicate item in case statement. 
WARNING:Xst:883 - descodificador_bin2hexII.v line 44: Ignored duplicate item in case statement. 
WARNING:Xst:883 - descodificador_bin2hexII.v line 47: Ignored duplicate item in case statement. 
WARNING:Xst:883 - descodificador_bin2hexII.v line 50: Ignored duplicate item in case statement. 
WARNING:Xst:883 - descodificador_bin2hexII.v line 53: Ignored duplicate item in case statement. 
WARNING:Xst:883 - descodificador_bin2hexII.v line 56: Ignored duplicate item in case statement. 
Module <descodificador_bin2hexII> is correct for synthesis.
 

=========================================================================
*                           HDL Synthesis                               *
=========================================================================

Synthesizing Unit <descodificador_bin2hexII>.
    Related source file is descodificador_bin2hexII.v.
Unit <descodificador_bin2hexII> synthesized.


Synthesizing Unit <contador>.
    Related source file is contador.v.
    Found 4-bit updown counter for signal <bina>.
    Summary:
	inferred   1 Counter(s).
Unit <contador> synthesized.


Synthesizing Unit <divide_freq>.
    Related source file is divide_freq.v.
    Found 1-bit register for signal <clko>.
    Found 25-bit up counter for signal <conta>.
    Summary:
	inferred   1 Counter(s).
	inferred   1 D-type flip-flop(s).
Unit <divide_freq> synthesized.


Synthesizing Unit <chefe>.
    Related source file is chefe.v.
Unit <chefe> synthesized.


=========================================================================
*                       Advanced HDL Synthesis                          *
=========================================================================

Advanced RAM inference ...
Advanced multiplier inference ...
Advanced Registered AddSub inference ...
Dynamic shift register inference ...

=========================================================================
HDL Synthesis Report

Macro Statistics
# Counters                         : 2
 25-bit up counter                 : 1
 4-bit updown counter              : 1
# Registers                        : 1
 1-bit register                    : 1

=========================================================================

=========================================================================
*                         Low Level Synthesis                           *
=========================================================================

Optimizing unit <chefe> ...

Optimizing unit <descodificador_bin2hexII> ...
Loading device for application Xst from file 'v200.nph' in environment C:/Xilinx.

Mapping all equations...
Building and optimizing final netlist ...
Found area constraint ratio of 100 (+ 5) on block chefe, actual ratio is 0.

=========================================================================
*                            Final Report                               *
=========================================================================
Final Results
RTL Top Level Output File Name     : chefe.ngr
Top Level Output File Name         : chefe
Output Format                      : NGC
Optimization Goal                  : Speed
Keep Hierarchy                     : NO

Design Statistics
# IOs                              : 11

Macro Statistics :
# Registers                        : 3
#      1-bit register              : 1
#      25-bit register             : 2
# Adders/Subtractors               : 2
#      25-bit adder                : 2

Cell Usage :
# BELS                             : 90
#      GND                         : 1
#      LUT1                        : 1
#      LUT1_D                      : 1
#      LUT1_L                      : 24
#      LUT2_L                      : 4
#      LUT3                        : 2
#      LUT4                        : 1
#      MUXCY                       : 27
#      VCC                         : 1
#      XORCY                       : 28
# FlipFlops/Latches                : 30
#      FD                          : 26
#      FDCE                        : 4
# Clock Buffers                    : 1
#      BUFGP                       : 1
# IO Buffers                       : 10
#      IBUF                        : 2
#      OBUF                        : 8
=========================================================================

Device utilization summary:
---------------------------

Selected Device : 2s200pq208-5 

 Number of Slices:                      17  out of   2352     0%  
 Number of Slice Flip Flops:            30  out of   4704     0%  
 Number of 4 input LUTs:                33  out of   4704     0%  
 Number of bonded IOBs:                 10  out of    144     6%  
 Number of GCLKs:                        1  out of      4    25%  


=========================================================================
TIMING REPORT

NOTE: THESE TIMING NUMBERS ARE ONLY A SYNTHESIS ESTIMATE.
      FOR ACCURATE TIMING INFORMATION PLEASE REFER TO THE TRACE REPORT
      GENERATED AFTER PLACE-and-ROUTE.

Clock Information:
------------------
-----------------------------------+------------------------+-------+
Clock Signal                       | Clock buffer(FF name)  | Load  |
-----------------------------------+------------------------+-------+
clki                               | BUFGP                  | 26    |
df_clko:Q                          | NONE                   | 4     |
-----------------------------------+------------------------+-------+

Timing Summary:
---------------
Speed Grade: -5

   Minimum period: 6.282ns (Maximum Frequency: 159.185MHz)
   Minimum input arrival time before clock: 5.870ns
   Maximum output required time after clock: 10.702ns
   Maximum combinational path delay: No path found

Timing Detail:
--------------
All values displayed in nanoseconds (ns)

-------------------------------------------------------------------------
Timing constraint: Default period analysis for Clock 'clki'
Delay:               6.282ns (Levels of Logic = 26)
  Source:            df_conta_0 (FF)
  Destination:       df_conta_24 (FF)
  Source Clock:      clki rising
  Destination Clock: clki rising

  Data Path: df_conta_0 to df_conta_24
                                Gate     Net
    Cell:in->out      fanout   Delay   Delay  Logical Name (Net Name)
    ----------------------------------------  ------------
     FD:C->Q               1   1.292   1.150  df_conta_0 (df_conta_0)
     LUT1_D:I0->LO         1   0.653   0.000  df_conta_LPM_COUNTER_2__n0000<0>lut (N973)
     MUXCY:S->O            1   0.784   0.000  df_conta_LPM_COUNTER_2__n0000<0>cy (df_conta_LPM_COUNTER_2__n0000<0>_cyo)
     MUXCY:CI->O           1   0.050   0.000  df_conta_LPM_COUNTER_2__n0000<1>cy (df_conta_LPM_COUNTER_2__n0000<1>_cyo)
     MUXCY:CI->O           1   0.050   0.000  df_conta_LPM_COUNTER_2__n0000<2>cy (df_conta_LPM_COUNTER_2__n0000<2>_cyo)
     MUXCY:CI->O           1   0.050   0.000  df_conta_LPM_COUNTER_2__n0000<3>cy (df_conta_LPM_COUNTER_2__n0000<3>_cyo)
     MUXCY:CI->O           1   0.050   0.000  df_conta_LPM_COUNTER_2__n0000<4>cy (df_conta_LPM_COUNTER_2__n0000<4>_cyo)
     MUXCY:CI->O           1   0.050   0.000  df_conta_LPM_COUNTER_2__n0000<5>cy (df_conta_LPM_COUNTER_2__n0000<5>_cyo)
     MUXCY:CI->O           1   0.050   0.000  df_conta_LPM_COUNTER_2__n0000<6>cy (df_conta_LPM_COUNTER_2__n0000<6>_cyo)
     MUXCY:CI->O           1   0.050   0.000  df_conta_LPM_COUNTER_2__n0000<7>cy (df_conta_LPM_COUNTER_2__n0000<7>_cyo)
     MUXCY:CI->O           1   0.050   0.000  df_conta_LPM_COUNTER_2__n0000<8>cy (df_conta_LPM_COUNTER_2__n0000<8>_cyo)
     MUXCY:CI->O           1   0.050   0.000  df_conta_LPM_COUNTER_2__n0000<9>cy (df_conta_LPM_COUNTER_2__n0000<9>_cyo)
     MUXCY:CI->O           1   0.050   0.000  df_conta_LPM_COUNTER_2__n0000<10>cy (df_conta_LPM_COUNTER_2__n0000<10>_cyo)
     MUXCY:CI->O           1   0.050   0.000  df_conta_LPM_COUNTER_2__n0000<11>cy (df_conta_LPM_COUNTER_2__n0000<11>_cyo)
     MUXCY:CI->O           1   0.050   0.000  df_conta_LPM_COUNTER_2__n0000<12>cy (df_conta_LPM_COUNTER_2__n0000<12>_cyo)
     MUXCY:CI->O           1   0.050   0.000  df_conta_LPM_COUNTER_2__n0000<13>cy (df_conta_LPM_COUNTER_2__n0000<13>_cyo)
     MUXCY:CI->O           1   0.050   0.000  df_conta_LPM_COUNTER_2__n0000<14>cy (df_conta_LPM_COUNTER_2__n0000<14>_cyo)
     MUXCY:CI->O           1   0.050   0.000  df_conta_LPM_COUNTER_2__n0000<15>cy (df_conta_LPM_COUNTER_2__n0000<15>_cyo)
     MUXCY:CI->O           1   0.050   0.000  df_conta_LPM_COUNTER_2__n0000<16>cy (df_conta_LPM_COUNTER_2__n0000<16>_cyo)
     MUXCY:CI->O           1   0.050   0.000  df_conta_LPM_COUNTER_2__n0000<17>cy (df_conta_LPM_COUNTER_2__n0000<17>_cyo)
     MUXCY:CI->O           1   0.050   0.000  df_conta_LPM_COUNTER_2__n0000<18>cy (df_conta_LPM_COUNTER_2__n0000<18>_cyo)
     MUXCY:CI->O           1   0.050   0.000  df_conta_LPM_COUNTER_2__n0000<19>cy (df_conta_LPM_COUNTER_2__n0000<19>_cyo)
     MUXCY:CI->O           1   0.050   0.000  df_conta_LPM_COUNTER_2__n0000<20>cy (df_conta_LPM_COUNTER_2__n0000<20>_cyo)
     MUXCY:CI->O           1   0.050   0.000  df_conta_LPM_COUNTER_2__n0000<21>cy (df_conta_LPM_COUNTER_2__n0000<21>_cyo)
     MUXCY:CI->O           1   0.050   0.000  df_conta_LPM_COUNTER_2__n0000<22>cy (df_conta_LPM_COUNTER_2__n0000<22>_cyo)
     MUXCY:CI->O           0   0.050   0.000  df_conta_LPM_COUNTER_2__n0000<23>cy (df_conta_LPM_COUNTER_2__n0000<23>_cyo)
     XORCY:CI->O           1   0.500   0.000  df_conta_LPM_COUNTER_2__n0000<24>_xor (df_conta__n0000<24>)
     FD:D                      0.753          df_conta_24
    ----------------------------------------
    Total                      6.282ns (5.132ns logic, 1.150ns route)
                                       (81.7% logic, 18.3% route)

-------------------------------------------------------------------------
Timing constraint: Default period analysis for Clock 'df_clko:Q'
Delay:               5.632ns (Levels of Logic = 4)
  Source:            cd_bina_1 (FF)
  Destination:       cd_bina_3 (FF)
  Source Clock:      df_clko:Q rising
  Destination Clock: df_clko:Q rising

  Data Path: cd_bina_1 to cd_bina_3
                                Gate     Net
    Cell:in->out      fanout   Delay   Delay  Logical Name (Net Name)
    ----------------------------------------  ------------
     FDCE:C->Q             4   1.292   1.600  cd_bina_1 (cd_bina_1)
     LUT2_L:I0->LO         1   0.653   0.000  cd_bina_LPM_COUNTER_1__n0000<1>lut (cd_bina_N358)
     MUXCY:S->O            1   0.784   0.000  cd_bina_LPM_COUNTER_1__n0000<1>cy (cd_bina_LPM_COUNTER_1__n0000<1>_cyo)
     MUXCY:CI->O           0   0.050   0.000  cd_bina_LPM_COUNTER_1__n0000<2>cy (cd_bina_LPM_COUNTER_1__n0000<2>_cyo)
     XORCY:CI->O           1   0.500   0.000  cd_bina_LPM_COUNTER_1__n0000<3>_xor (cd_bina__n0000<3>)
     FDCE:D                    0.753          cd_bina_3
    ----------------------------------------
    Total                      5.632ns (4.032ns logic, 1.600ns route)
                                       (71.6% logic, 28.4% route)

-------------------------------------------------------------------------
Timing constraint: Default OFFSET IN BEFORE for Clock 'df_clko:Q'
Offset:              5.870ns (Levels of Logic = 6)
  Source:            up (PAD)
  Destination:       cd_bina_3 (FF)
  Destination Clock: df_clko:Q rising

  Data Path: up to cd_bina_3
                                Gate     Net
    Cell:in->out      fanout   Delay   Delay  Logical Name (Net Name)
    ----------------------------------------  ------------
     IBUF:I->O             5   0.924   1.740  up_IBUF (up_IBUF)
     LUT1:I0->O            1   0.653   1.150  cd_bina__n00021 (cd_bina__n0002)
     MUXCY:CI->O           1   0.050   0.000  cd_bina_LPM_COUNTER_1__n0000<0>cy (cd_bina_LPM_COUNTER_1__n0000<0>_cyo)
     MUXCY:CI->O           1   0.050   0.000  cd_bina_LPM_COUNTER_1__n0000<1>cy (cd_bina_LPM_COUNTER_1__n0000<1>_cyo)
     MUXCY:CI->O           0   0.050   0.000  cd_bina_LPM_COUNTER_1__n0000<2>cy (cd_bina_LPM_COUNTER_1__n0000<2>_cyo)
     XORCY:CI->O           1   0.500   0.000  cd_bina_LPM_COUNTER_1__n0000<3>_xor (cd_bina__n0000<3>)
     FDCE:D                    0.753          cd_bina_3
    ----------------------------------------
    Total                      5.870ns (2.980ns logic, 2.890ns route)
                                       (50.8% logic, 49.2% route)

-------------------------------------------------------------------------
Timing constraint: Default OFFSET OUT AFTER for Clock 'df_clko:Q'
Offset:              10.702ns (Levels of Logic = 2)
  Source:            cd_bina_1 (FF)
  Destination:       hexa<7> (PAD)
  Source Clock:      df_clko:Q rising

  Data Path: cd_bina_1 to hexa<7>
                                Gate     Net
    Cell:in->out      fanout   Delay   Delay  Logical Name (Net Name)
    ----------------------------------------  ------------
     FDCE:C->Q             4   1.292   1.600  cd_bina_1 (cd_bina_1)
     LUT4:I1->O            4   0.653   1.600  dh_hexa<7>1 (hexa_7_OBUF)
     OBUF:I->O                 5.557          hexa_3_OBUF (hexa<3>)
    ----------------------------------------
    Total                     10.702ns (7.502ns logic, 3.200ns route)
                                       (70.1% logic, 29.9% route)

=========================================================================
CPU : 9.80 / 11.05 s | Elapsed : 9.00 / 10.00 s
 
--> 

Total memory usage is 58400 kilobytes


